2025-09-13 15:08:38,570 - INFO - Loaded 44 videos from technique_files/aerial.json
2025-09-13 15:08:38,570 - INFO - Limited to 2000 videos
2025-09-13 15:08:38,570 - INFO - Found videos for 1 techniques
2025-09-13 15:08:38,570 - INFO - 
Processing technique: aerial (44 videos)
2025-09-13 15:08:38,570 - INFO - Downloading video 1/44 for aerial
2025-09-13 15:08:38,571 - INFO - Downloading (attempt 1/3): https://asset.eyecannndy.com/media/CACHE/images/clip/2024/03/02/AJ_Tracey_-_Wifey_Riddim_4_Official_Video_l3WA2gF/0e72c47150eb9b9e15efe19feb5f34d3.gif -> videos/aerial/video_5205.webp
2025-09-13 15:08:41,682 - INFO - Successfully downloaded: videos/aerial/video_5205.webp (5978 bytes)
2025-09-13 15:08:42,187 - INFO - Downloading video 2/44 for aerial
2025-09-13 15:08:42,188 - INFO - Downloading (attempt 1/3): https://asset.eyecannndy.com/media/CACHE/images/clip/2024/01/04/2_GHwGSq4/4869d7477850651a61f9c2bb49cc450a.gif -> videos/aerial/video_3841.webp
2025-09-13 15:08:43,387 - INFO - Successfully downloaded: videos/aerial/video_3841.webp (5575 bytes)
2025-09-13 15:08:43,887 - INFO - Downloading video 3/44 for aerial
2025-09-13 15:08:43,888 - INFO - Downloading (attempt 1/3): https://asset.eyecannndy.com/media/CACHE/images/clip/2024/02/04/tumblr_1f5b95aecfa3199c76b230e05cc87ab2_6d362a8e_540/46b6d4f586bf55e12c9866c64e612a67.gif -> videos/aerial/video_9521.webp
2025-09-13 15:08:44,850 - INFO - Successfully downloaded: videos/aerial/video_9521.webp (8685 bytes)
2025-09-13 15:08:45,354 - INFO - Downloading video 4/44 for aerial
2025-09-13 15:08:45,355 - INFO - Downloading (attempt 1/3): https://asset.eyecannndy.com/media/CACHE/images/clip/2024/05/21/Dune_Part_Two_-_Paul_Arrival_Scene_HD/920655795c4ff4f5bfa4ba8b389ca27f.gif -> videos/aerial/video_4591.webp
2025-09-13 15:08:46,569 - INFO - Successfully downloaded: videos/aerial/video_4591.webp (5137 bytes)
2025-09-13 15:08:47,071 - INFO - Downloading video 5/44 for aerial
2025-09-13 15:08:47,072 - INFO - Skipping existing file: videos/aerial/261711346967.webp
2025-09-13 15:08:47,073 - INFO - Downloading video 6/44 for aerial
2025-09-13 15:08:47,073 - INFO - Skipping existing file: videos/aerial/261711603985.webp
2025-09-13 15:08:47,074 - INFO - Downloading video 7/44 for aerial
2025-09-13 15:08:47,074 - INFO - Skipping existing file: videos/aerial/261704256739.webp
2025-09-13 15:08:47,074 - INFO - Downloading video 8/44 for aerial
2025-09-13 15:08:47,074 - INFO - Skipping existing file: videos/aerial/261715812336.webp
2025-09-13 15:08:47,075 - INFO - Downloading video 9/44 for aerial
2025-09-13 15:08:47,075 - INFO - Skipping existing file: videos/aerial/261704368663.webp
2025-09-13 15:08:47,075 - INFO - Downloading video 10/44 for aerial
2025-09-13 15:08:47,075 - INFO - Skipping existing file: videos/aerial/261704529422.webp
2025-09-13 15:08:47,075 - INFO - Downloading video 11/44 for aerial
2025-09-13 15:08:47,075 - INFO - Skipping existing file: videos/aerial/261704076286.webp
2025-09-13 15:08:47,075 - INFO - Downloading video 12/44 for aerial
2025-09-13 15:08:47,076 - INFO - Skipping existing file: videos/aerial/261704368478.webp
2025-09-13 15:08:47,076 - INFO - Downloading video 13/44 for aerial
2025-09-13 15:08:47,076 - INFO - Skipping existing file: videos/aerial/261707021457.webp
2025-09-13 15:08:47,076 - INFO - Downloading video 14/44 for aerial
2025-09-13 15:08:47,076 - INFO - Downloading (attempt 1/3): https://asset.eyecannndy.com/media/clip/2024/02/20/261708403204.webp -> videos/aerial/261708403204.webp
2025-09-13 15:09:10,677 - INFO - Successfully downloaded: videos/aerial/261708403204.webp (1829376 bytes)
2025-09-13 15:09:11,182 - INFO - Downloading video 15/44 for aerial
2025-09-13 15:09:11,182 - INFO - Skipping existing file: videos/aerial/261704365455.webp
2025-09-13 15:09:11,183 - INFO - Downloading video 16/44 for aerial
2025-09-13 15:09:11,183 - INFO - Skipping existing file: videos/aerial/261709329389.webp
2025-09-13 15:09:11,184 - INFO - Downloading video 17/44 for aerial
2025-09-13 15:09:11,184 - INFO - Skipping existing file: videos/aerial/261704369836.webp
2025-09-13 15:09:11,184 - INFO - Downloading video 18/44 for aerial
2025-09-13 15:09:11,184 - INFO - Skipping existing file: videos/aerial/261707626229.webp
2025-09-13 15:09:11,184 - INFO - Downloading video 19/44 for aerial
2025-09-13 15:09:11,184 - INFO - Skipping existing file: videos/aerial/261709018151.webp
2025-09-13 15:09:11,185 - INFO - Downloading video 20/44 for aerial
2025-09-13 15:09:11,185 - INFO - Skipping existing file: videos/aerial/261704369409.webp
2025-09-13 15:09:11,185 - INFO - Downloading video 21/44 for aerial
2025-09-13 15:09:11,185 - INFO - Skipping existing file: videos/aerial/261704835059.webp
2025-09-13 15:09:11,185 - INFO - Downloading video 22/44 for aerial
2025-09-13 15:09:11,186 - INFO - Skipping existing file: videos/aerial/261720164544.webp
2025-09-13 15:09:11,186 - INFO - Downloading video 23/44 for aerial
2025-09-13 15:09:11,186 - INFO - Skipping existing file: videos/aerial/261709330025.webp
2025-09-13 15:09:11,186 - INFO - Downloading video 24/44 for aerial
2025-09-13 15:09:11,186 - INFO - Skipping existing file: videos/aerial/261704368399.webp
2025-09-13 15:09:11,187 - INFO - Downloading video 25/44 for aerial
2025-09-13 15:09:11,187 - INFO - Skipping existing file: videos/aerial/261711610807.webp
2025-09-13 15:09:11,187 - INFO - Downloading video 26/44 for aerial
2025-09-13 15:09:11,187 - INFO - Skipping existing file: videos/aerial/261707627103.webp
2025-09-13 15:09:11,188 - INFO - Downloading video 27/44 for aerial
2025-09-13 15:09:11,188 - INFO - Skipping existing file: videos/aerial/261704368969.webp
2025-09-13 15:09:11,189 - INFO - Downloading video 28/44 for aerial
2025-09-13 15:09:11,189 - INFO - Skipping existing file: videos/aerial/261710313129.webp
2025-09-13 15:09:11,189 - INFO - Downloading video 29/44 for aerial
2025-09-13 15:09:11,189 - INFO - Skipping existing file: videos/aerial/261704508408.webp
2025-09-13 15:09:11,189 - INFO - Downloading video 30/44 for aerial
2025-09-13 15:09:11,189 - INFO - Skipping existing file: videos/aerial/261705123075.webp
2025-09-13 15:09:11,190 - INFO - Downloading video 31/44 for aerial
2025-09-13 15:09:11,190 - INFO - Skipping existing file: videos/aerial/261704368535.webp
2025-09-13 15:09:11,190 - INFO - Downloading video 32/44 for aerial
2025-09-13 15:09:11,190 - INFO - Downloading (attempt 1/3): https://asset.eyecannndy.com/media/clip/2024/01/13/261705123117.webp -> videos/aerial/261705123117.webp
